
> m8traders-platform@0.1.0 test
> vitest --run


[1m[46m RUN [49m[22m [36mv4.0.17 [39m[90mC:/Users/laras/.gemini/antigravity/scratch/m8traders-platform[39m

 [32mΓ£ô[39m src/lib/data/__tests__/dataMerger.test.ts [2m([22m[2m19 tests[22m[2m)[22m[32m 12[2mms[22m[39m
 [31mΓ¥»[39m src/lib/data/__tests__/resampler.test.ts [2m([22m[2m16 tests[22m[2m | [22m[31m2 failed[39m[2m)[22m[32m 22[2mms[22m[39m
       [32mΓ£ô[39m should convert 5x 1m candles ΓåÆ 1x 5m candle[32m 4[2mms[22m[39m
       [32mΓ£ô[39m should aggregate OHLC correctly[32m 1[2mms[22m[39m
       [32mΓ£ô[39m should return same data for target === source timeframe[32m 1[2mms[22m[39m
       [32mΓ£ô[39m should handle partial groups at end[32m 0[2mms[22m[39m
       [32mΓ£ô[39m should handle empty array[32m 0[2mms[22m[39m
       [32mΓ£ô[39m should resample 1m ΓåÆ 15m correctly[32m 1[2mms[22m[39m
       [32mΓ£ô[39m should align timestamps to interval boundaries[32m 0[2mms[22m[39m
[31m       [31m├ù[31m should validate timestamp alignment[39m[32m 9[2mms[22m[39m
[31m       [31m├ù[31m should validate OHLC logic (high ΓëÑ open/close)[39m[32m 2[2mms[22m[39m
       [32mΓ£ô[39m should validate OHLC logic (low Γëñ open/close)[32m 1[2mms[22m[39m
       [32mΓ£ô[39m should validate candle count reduction[32m 0[2mms[22m[39m
       [32mΓ£ô[39m should estimate 5x reduction for 1m ΓåÆ 5m[32m 0[2mms[22m[39m
       [32mΓ£ô[39m should estimate 15x reduction for 1m ΓåÆ 15m[32m 0[2mms[22m[39m
       [32mΓ£ô[39m should estimate 60x reduction for 1m ΓåÆ 1h[32m 0[2mms[22m[39m
       [32mΓ£ô[39m should handle partial groups with ceil[32m 0[2mms[22m[39m
       [32mΓ£ô[39m should return same count for same timeframe[32m 0[2mms[22m[39m
 [31mΓ¥»[39m src/lib/data/__tests__/windowCalculator.test.ts [2m([22m[2m20 tests[22m[2m | [22m[31m5 failed[39m[2m)[22m[32m 26[2mms[22m[39m
[31m       [31m├ù[31m should split 180-day range into 3 windows (60 days each)[39m[32m 12[2mms[22m[39m
       [32mΓ£ô[39m should handle partial last window (e.g., 70 days ΓåÆ 60 + 10)[32m 1[2mms[22m[39m
       [32mΓ£ô[39m should return single window for range smaller than window size[32m 1[2mms[22m[39m
[31m       [31m├ù[31m should handle same-day start/end[39m[32m 1[2mms[22m[39m
[31m       [31m├ù[31m should generate consecutive non-overlapping windows[39m[32m 1[2mms[22m[39m
       [32mΓ£ô[39m should generate consistent IDs for same dates[32m 0[2mms[22m[39m
       [32mΓ£ô[39m should use YYYY-MM-DD format[32m 0[2mms[22m[39m
       [32mΓ£ô[39m should include "to" separator[32m 0[2mms[22m[39m
[31m       [31m├ù[31m should validate 1m windows Γëñ 7 days[39m[32m 2[2mms[22m[39m
       [32mΓ£ô[39m should validate 5m windows Γëñ 60 days[32m 0[2mms[22m[39m
[31m       [31m├ù[31m should validate 15m and 1h windows Γëñ 90 days[39m[32m 1[2mms[22m[39m
       [32mΓ£ô[39m should reject oversized windows with specific error[32m 0[2mms[22m[39m
       [32mΓ£ô[39m should return 7 days for 1m[32m 0[2mms[22m[39m
       [32mΓ£ô[39m should return 30 days for 5m[32m 0[2mms[22m[39m
       [32mΓ£ô[39m should return 60 days for 15m[32m 0[2mms[22m[39m
       [32mΓ£ô[39m should return 90 days for 1h[32m 0[2mms[22m[39m
       [32mΓ£ô[39m should default to 60 days for unknown intervals[32m 0[2mms[22m[39m
       [32mΓ£ô[39m should detect overlapping windows[32m 0[2mms[22m[39m
       [32mΓ£ô[39m should return false for non-overlapping windows[32m 0[2mms[22m[39m
       [32mΓ£ô[39m should return false for adjacent windows (touching but not overlapping)[32m 0[2mms[22m[39m
node.exe : 
At line:1 char:1
+ & "C:\Program Files\nodejs/node.exe" 
"C:\Program Files\nodejs/node_mo ...
+ ~~~~~~~~~~~~~~~~~~~~~~~~~~~~~~~~~~~~~~~~~~~~~~
~~~~~~~~~~~~~~~~~~~~~~~
    + CategoryInfo          : NotSpecified: (:S 
   tring) [], RemoteException
    + FullyQualifiedErrorId : NativeCommandErro 
   r
 
[31mΓÄ»ΓÄ»ΓÄ»ΓÄ»ΓÄ»ΓÄ»ΓÄ»[39m[1m[41m Failed 
Tests 7 
[49m[22m[31mΓÄ»ΓÄ»ΓÄ»ΓÄ»ΓÄ»ΓÄ»ΓÄ»[39m

[41m[1m FAIL [22m[49m 
src/lib/data/__tests__/resampler.test.ts[2m > 
[22mResampler[2m > [22mvalidateResample[2m 
> [22mshould validate timestamp alignment
[31m[1mAssertionError[22m: expected false to 
be true // Object.is equality[39m

[32m- Expected[39m
[31m+ Received[39m

[32m- true[39m
[31m+ false[39m

[36m [2mΓ¥»[22m src/lib/data/__tests__/resamp
ler.test.ts:[2m168:74[22m[39m
    [90m166| [39m            [35mconst[39m 
original [33m=[39m 
[[34mcreateCandle[39m(base[33m,[39m 
[34m100[39m[33m,[39m 
[34m105[39m[33m,[39m 
[34m95[39m[33m,[39m 
[34m102[39m)][33m;[39m
    [90m167| [39m
    [90m168| [39m            
expect(validateResample(original, validCandles, 
'5m').valiΓÇª
    [90m   | [39m                             
                                            
[31m^[39m
    [90m169| [39m            
expect(validateResample(original, 
invalidCandles, '5m').vaΓÇª
    [90m170| [39m        })[33m;[39m

[31m[2mΓÄ»ΓÄ»ΓÄ»ΓÄ»ΓÄ»ΓÄ»ΓÄ»ΓÄ»ΓÄ»ΓÄ»ΓÄ»ΓÄ»ΓÄ»
ΓÄ»ΓÄ»ΓÄ»ΓÄ»ΓÄ»ΓÄ»ΓÄ»ΓÄ»ΓÄ»ΓÄ»ΓÄ»[1/7]ΓÄ»[22m[
39m

[41m[1m FAIL [22m[49m 
src/lib/data/__tests__/resampler.test.ts[2m > 
[22mResampler[2m > [22mvalidateResample[2m 
> [22mshould validate OHLC logic (high ΓëÑ 
open/close)
[31m[1mAssertionError[22m: expected false to 
be true // Object.is equality[39m

[32m- Expected[39m
[31m+ Received[39m

[32m- true[39m
[31m+ false[39m

[36m [2mΓ¥»[22m src/lib/data/__tests__/resamp
ler.test.ts:[2m176:80[22m[39m
    [90m174| [39m            const 
invalidCandle = createCandle(1000, 100, 95, 90, 
105)ΓÇª
    [90m175| [39m
    [90m176| [39m            
expect(validateResample([validCandle], 
[validCandle], '5m'ΓÇª
    [90m   | [39m                             
                                                
  [31m^[39m
    [90m177| [39m            
expect(validateResample([invalidCandle], 
[invalidCandle], ΓÇª
    [90m178| [39m            
expect(validateResample([invalidCandle], 
[invalidCandle], ΓÇª

[31m[2mΓÄ»ΓÄ»ΓÄ»ΓÄ»ΓÄ»ΓÄ»ΓÄ»ΓÄ»ΓÄ»ΓÄ»ΓÄ»ΓÄ»ΓÄ»
ΓÄ»ΓÄ»ΓÄ»ΓÄ»ΓÄ»ΓÄ»ΓÄ»ΓÄ»ΓÄ»ΓÄ»ΓÄ»[2/7]ΓÄ»[22m[
39m

[41m[1m FAIL [22m[49m src/lib/data/__tests__
/windowCalculator.test.ts[2m > 
[22mWindowCalculator[2m > 
[22mgenerateWindows[2m > [22mshould split 
180-day range into 3 windows (60 days each)
[31m[1mAssertionError[22m: expected [ { 
ΓÇª(4) }, { ΓÇª(4) }, { ΓÇª(4) }, ΓÇª(1) ] to 
have a length of 3 but got 4[39m

[32m- Expected[39m
[31m+ Received[39m

[32m- 3[39m
[31m+ 4[39m

[36m [2mΓ¥»[22m src/lib/data/__tests__/window
Calculator.test.ts:[2m22:29[22m[39m
    [90m 20| [39m            [35mconst[39m 
windows [33m=[39m 
[34mgenerateWindows[39m(startDate[33m,[39m 
endDate[33m,[39m [34m60[39m)[33m;[39m
    [90m 21| [39m
    [90m 22| [39m            [34mexpect[39m(
windows)[33m.[39m[34mtoHaveLength[39m([34m3
[39m)[33m;[39m
    [90m   | [39m                            
[31m^[39m
    [90m 23| [39m            [34mexpect[39m(
windows[[34m0[39m][33m.[39msizeInDays)[33m.
[39m[34mtoBe[39m([34m60[39m)[33m;[39m
    [90m 24| [39m            [34mexpect[39m(
windows[[34m1[39m][33m.[39msizeInDays)[33m.
[39m[34mtoBe[39m([34m60[39m)[33m;[39m

[31m[2mΓÄ»ΓÄ»ΓÄ»ΓÄ»ΓÄ»ΓÄ»ΓÄ»ΓÄ»ΓÄ»ΓÄ»ΓÄ»ΓÄ»ΓÄ»
ΓÄ»ΓÄ»ΓÄ»ΓÄ»ΓÄ»ΓÄ»ΓÄ»ΓÄ»ΓÄ»ΓÄ»ΓÄ»[3/7]ΓÄ»[22m[
39m

[41m[1m FAIL [22m[49m src/lib/data/__tests__
/windowCalculator.test.ts[2m > 
[22mWindowCalculator[2m > 
[22mgenerateWindows[2m > [22mshould handle 
same-day start/end
[31m[1mAssertionError[22m: expected [] to 
have a length of 1 but got +0[39m

[32m- Expected[39m
[31m+ Received[39m

[32m- 1[39m
[31m+ 0[39m

[36m [2mΓ¥»[22m src/lib/data/__tests__/window
Calculator.test.ts:[2m52:29[22m[39m
    [90m 50| [39m            [35mconst[39m 
windows [33m=[39m 
[34mgenerateWindows[39m(startDate[33m,[39m 
endDate[33m,[39m [34m60[39m)[33m;[39m
    [90m 51| [39m
    [90m 52| [39m            [34mexpect[39m(
windows)[33m.[39m[34mtoHaveLength[39m([34m1
[39m)[33m;[39m
    [90m   | [39m                            
[31m^[39m
    [90m 53| [39m            [34mexpect[39m(
windows[[34m0[39m][33m.[39msizeInDays)[33m.
[39m[34mtoBe[39m([34m0[39m)[33m;[39m
    [90m 54| [39m        })[33m;[39m

[31m[2mΓÄ»ΓÄ»ΓÄ»ΓÄ»ΓÄ»ΓÄ»ΓÄ»ΓÄ»ΓÄ»ΓÄ»ΓÄ»ΓÄ»ΓÄ»
ΓÄ»ΓÄ»ΓÄ»ΓÄ»ΓÄ»ΓÄ»ΓÄ»ΓÄ»ΓÄ»ΓÄ»ΓÄ»[4/7]ΓÄ»[22m[
39m

[41m[1m FAIL [22m[49m src/lib/data/__tests__
/windowCalculator.test.ts[2m > 
[22mWindowCalculator[2m > 
[22mgenerateWindows[2m > [22mshould generate 
consecutive non-overlapping windows
[31m[1mAssertionError[22m: expected [ { 
ΓÇª(4) }, { ΓÇª(4) }, { ΓÇª(4) }, ΓÇª(1) ] to 
have a length of 3 but got 4[39m

[32m- Expected[39m
[31m+ Received[39m

[32m- 3[39m
[31m+ 4[39m

[36m [2mΓ¥»[22m src/lib/data/__tests__/window
Calculator.test.ts:[2m61:29[22m[39m
    [90m 59| [39m            [35mconst[39m 
windows [33m=[39m 
[34mgenerateWindows[39m(startDate[33m,[39m 
endDate[33m,[39m [34m30[39m)[33m;[39m
    [90m 60| [39m
    [90m 61| [39m            [34mexpect[39m(
windows)[33m.[39m[34mtoHaveLength[39m([34m3
[39m)[33m;[39m
    [90m   | [39m                            
[31m^[39m
    [90m 62| [39m
    [90m 63| [39m            [90m// Verify 
windows are consecutive[39m

[31m[2mΓÄ»ΓÄ»ΓÄ»ΓÄ»ΓÄ»ΓÄ»ΓÄ»ΓÄ»ΓÄ»ΓÄ»ΓÄ»ΓÄ»ΓÄ»
ΓÄ»ΓÄ»ΓÄ»ΓÄ»ΓÄ»ΓÄ»ΓÄ»ΓÄ»ΓÄ»ΓÄ»ΓÄ»[5/7]ΓÄ»[22m[
39m

[41m[1m FAIL [22m[49m src/lib/data/__tests__
/windowCalculator.test.ts[2m > 
[22mWindowCalculator[2m > 
[22mvalidateWindow[2m > [22mshould validate 
1m windows Γëñ 7 days
[31m[1mAssertionError[22m: expected true to 
be false // Object.is equality[39m

[32m- Expected[39m
[31m+ Received[39m

[32m- false[39m
[31m+ true[39m

[36m [2mΓ¥»[22m src/lib/data/__tests__/window
Calculator.test.ts:[2m119:63[22m[39m
    [90m117| [39m
    [90m118| [39m            [34mexpect[39m(
[34mvalidateWindow[39m(validWindow[33m,[39m 
[32m'1m'[39m)[33m.[39mvalid)[33m.[39m[34m
toBe[39m([35mtrue[39m)[33m;[39m
    [90m119| [39m            
expect(validateWindow(invalidWindow, 
'1m').valid).toBe(falΓÇª
    [90m   | [39m                             
                                 [31m^[39m
    [90m120| [39m            
expect(validateWindow(invalidWindow, 
'1m').reason).toContaΓÇª
    [90m121| [39m        })[33m;[39m

[31m[2mΓÄ»ΓÄ»ΓÄ»ΓÄ»ΓÄ»ΓÄ»ΓÄ»ΓÄ»ΓÄ»ΓÄ»ΓÄ»ΓÄ»ΓÄ»
ΓÄ»ΓÄ»ΓÄ»ΓÄ»ΓÄ»ΓÄ»ΓÄ»ΓÄ»ΓÄ»ΓÄ»ΓÄ»[6/7]ΓÄ»[22m[
39m

[41m[1m FAIL [22m[49m src/lib/data/__tests__
/windowCalculator.test.ts[2m > 
[22mWindowCalculator[2m > 
[22mvalidateWindow[2m > [22mshould validate 
15m and 1h windows Γëñ 90 days
[31m[1mAssertionError[22m: expected false to 
be true // Object.is equality[39m

[32m- Expected[39m
[31m+ Received[39m

[32m- true[39m
[31m+ false[39m

[36m [2mΓ¥»[22m src/lib/data/__tests__/window
Calculator.test.ts:[2m150:62[22m[39m
    [90m148| [39m            }[33m;[39m
    [90m149| [39m
    [90m150| [39m            
expect(validateWindow(validWindow, 
'15m').valid).toBe(trueΓÇª
    [90m   | [39m                             
                                [31m^[39m
    [90m151| [39m            [34mexpect[39m(
[34mvalidateWindow[39m(validWindow[33m,[39m 
[32m'1h'[39m)[33m.[39mvalid)[33m.[39m[34m
toBe[39m([35mtrue[39m)[33m;[39m
    [90m152| [39m        })[33m;[39m

[31m[2mΓÄ»ΓÄ»ΓÄ»ΓÄ»ΓÄ»ΓÄ»ΓÄ»ΓÄ»ΓÄ»ΓÄ»ΓÄ»ΓÄ»ΓÄ»
ΓÄ»ΓÄ»ΓÄ»ΓÄ»ΓÄ»ΓÄ»ΓÄ»ΓÄ»ΓÄ»ΓÄ»ΓÄ»[7/7]ΓÄ»[22m[
39m


[2m Test Files [22m [1m[31m2 failed[39m[22m[2m | [22m[1m[32m1 passed[39m[22m[90m (3)[39m
[2m      Tests [22m [1m[31m7 failed[39m[22m[2m | [22m[1m[32m48 passed[39m[22m[90m (55)[39m
[2m   Start at [22m 20:50:23
[2m   Duration [22m 2.02s[2m (transform 295ms, setup 351ms, import 232ms, tests 59ms, environment 4.30s)[22m

